
$ git clone https://github.com/dofl8787/git-ignore.git
Cloning into 'git-ignore'...
remote: Enumerating objects: 4, done.
remote: Counting objects: 100% (4/4), done.
remote: Compressing objects: 100% (3/3), done.
remote: Total 4 (delta 0), reused 4 (delta 0), pack-reused 0
Receiving objects: 100% (4/4), done.


$ cd git-ignore/


$ ls -a
./  ../  .git/  .gitignore  a.txt

$ rm -rf git-ignore/

$ git clone https://github.com/dofl8787/git-ignore.git
Cloning into 'git-ignore'...
remote: Enumerating objects: 4, done.
remote: Counting objects: 100% (4/4), done.
remote: Compressing objects: 100% (3/3), done.
remote: Total 4 (delta 0), reused 4 (delta 0), pack-reused 0
Receiving objects: 100% (4/4), done.

$ rm -rf git-ignore/

$ git clone https://github.com/dofl8787/git-ignore.git .
fatal: destination path '.' already exists and is not an empty directory.

$ git clone https://github.com/dofl8787/git-ignore.git .
fatal: destination path '.' already exists and is not an empty directory.

$ git clone https://github.com/dofl8787/git-ignore.git.
fatal: could not create work tree dir 'git-ignore.git.': Invalid argument

$ ls -a
./  ../  .git/  .gitignore  a.txt


$ git log --oneline
944cb8c (HEAD -> master, origin/master, origin/HEAD) furst cimmit

$ git status
On branch master
Your branch is up to date with 'origin/master'.

Changes not staged for commit:
  (use "git add <file>..." to update what will be committed)
  (use "git restore <file>..." to discard changes in working directory)
        modified:   .gitignore

no changes added to commit (use "git add" and/or "git commit -a")


$ git add .

$ git commit -m 'git-ignore  수정'
[master 97e6acc] git-ignore  수정
 1 file changed, 1 insertion(+)

$ git push origin master
Enumerating objects: 5, done.
Counting objects: 100% (5/5), done.
Delta compression using up to 8 threads
Compressing objects: 100% (3/3), done.
Writing objects: 100% (3/3), 308 bytes | 308.00 KiB/s, done.
Total 3 (delta 1), reused 0 (delta 0), pack-reused 0
remote: Resolving deltas: 100% (1/1), completed with 1 local object.
To https://github.com/dofl8787/git-ignore.git
   944cb8c..97e6acc  master -> master

kim@DESKTOP-C4CL4DP MINGW64 ~/startcamp/git-practice 2/git-ignore (master)
$

///

git pull origin master

